../Core/Src/main.c:104:6:subscription_callback	32	static
../Core/Src/main.c:129:6:init_encoder	16	static
../Core/Src/main.c:133:6:get_encoder_val	16	static
../Core/Src/main.c:148:6:init_motor	8	static
../Core/Src/main.c:166:5:main	8	static
../Core/Src/main.c:247:6:SystemClock_Config	88	static
../Core/Src/main.c:290:13:MX_I2C1_Init	8	static
../Core/Src/main.c:322:13:MX_TIM2_Init	64	static
../Core/Src/main.c:377:13:MX_USART2_UART_Init	8	static
../Core/Src/main.c:406:13:MX_DMA_Init	16	static
../Core/Src/main.c:426:13:MX_GPIO_Init	48	static
../Core/Src/main.c:469:6:main_task	392	static
../Core/Src/main.c:560:6:Error_Handler	4	static,ignoring_inline_asm
