../Core/Src/main.c:102:5:main	8	static
../Core/Src/main.c:188:6:SystemClock_Config	88	static
../Core/Src/main.c:234:13:MX_I2C1_Init	8	static
../Core/Src/main.c:268:13:MX_TIM2_Init	64	static
../Core/Src/main.c:327:13:MX_USART2_UART_Init	8	static
../Core/Src/main.c:360:13:MX_GPIO_Init	48	static
../Core/Src/main.c:394:6:print_accel	152	static
../Core/Src/main.c:401:6:print_gyro	152	static
../Core/Src/main.c:418:6:get_encoder_task	56	static
../Core/Src/main.c:465:6:imu_task	88	static
../Core/Src/main.c:486:6:motor_driver_task	24	static
../Core/Src/main.c:533:6:Error_Handler	4	static,ignoring_inline_asm
